e:\st\stm32cubeide_1.4.0\stm32cubeide\plugins\com.st.stm32cube.ide.mcu.externaltools.gnu-tools-for-stm32.10.3-2021.10.win32_1.0.0.202111181127\tools\arm-none-eabi\include\c++\10.3.1\cmath:144:3:constexpr float std::atan2(float, float)	16	static
../Core/Src/main.cpp:95:6:void HAL_UARTEx_RxEventCallback(UART_HandleTypeDef*, uint16_t)	16	static
../Core/Src/main.cpp:121:6:void UARTRXInit()	8	static
../Core/Src/main.cpp:134:6:void HAL_ADC_ConvCpltCallback(ADC_HandleTypeDef*)	40	static
../Core/Src/main.cpp:151:5:int main()	40	static
../Core/Src/main.cpp:246:6:void SystemClock_Config()	96	static
../Core/Src/main.cpp:293:13:void MX_ADC1_Init()	24	static
../Core/Src/main.cpp:340:13:void MX_TIM2_Init()	32	static
../Core/Src/main.cpp:385:13:void MX_USART1_UART_Init()	8	static
../Core/Src/main.cpp:418:13:void MX_USART2_UART_Init()	8	static
../Core/Src/main.cpp:449:13:void MX_DMA_Init()	16	static
../Core/Src/main.cpp:470:13:void MX_GPIO_Init()	16	static
../Core/Src/main.cpp:487:6:void Error_Handler()	4	static,ignoring_inline_asm
../Core/Src/main.cpp:496:1:void __static_initialization_and_destruction_0(int, int)	16	static
../Core/Src/main.cpp:496:1:cpp)	8	static
